// Jest Snapshot v1, https://goo.gl/fbAQLP

exports[`Dynamic Import Loader dynamicImportLoader snapshot 1`] = `
<div>
  Loading...
</div>
`;
